BATCH 20414 default 1704042101 543
MSG 24
0 pretty cool message! 0
MSG 24
1 pretty cool message! 1
MSG 24
2 pretty cool message! 2
MSG 24
3 pretty cool message! 3
MSG 24
4 pretty cool message! 4
MSG 24
5 pretty cool message! 5
MSG 24
6 pretty cool message! 6
MSG 24
7 pretty cool message! 7
MSG 24
8 pretty cool message! 8
MSG 24
9 pretty cool message! 9
MSG 26
10 pretty cool message! 10
MSG 26
11 pretty cool message! 11
MSG 26
12 pretty cool message! 12
MSG 26
13 pretty cool message! 13
MSG 26
14 pretty cool message! 14
MSG 26
15 pretty cool message! 15
MSG 26
16 pretty cool message! 16
MSG 26
17 pretty cool message! 17
MSG 26
18 pretty cool message! 18
MSG 26
19 pretty cool message! 19
MSG 26
20 pretty cool message! 20
MSG 26
21 pretty cool message! 21
MSG 26
22 pretty cool message! 22
MSG 26
23 pretty cool message! 23
MSG 26
24 pretty cool message! 24
MSG 26
25 pretty cool message! 25
MSG 26
26 pretty cool message! 26
MSG 26
27 pretty cool message! 27
MSG 26
28 pretty cool message! 28
MSG 26
29 pretty cool message! 29
MSG 26
30 pretty cool message! 30
MSG 26
31 pretty cool message! 31
MSG 26
32 pretty cool message! 32
MSG 26
33 pretty cool message! 33
MSG 26
34 pretty cool message! 34
MSG 26
35 pretty cool message! 35
MSG 26
36 pretty cool message! 36
MSG 26
37 pretty cool message! 37
MSG 26
38 pretty cool message! 38
MSG 26
39 pretty cool message! 39
MSG 26
40 pretty cool message! 40
MSG 26
41 pretty cool message! 41
MSG 26
42 pretty cool message! 42
MSG 26
43 pretty cool message! 43
MSG 26
44 pretty cool message! 44
MSG 26
45 pretty cool message! 45
MSG 26
46 pretty cool message! 46
MSG 26
47 pretty cool message! 47
MSG 26
48 pretty cool message! 48
MSG 26
49 pretty cool message! 49
MSG 26
50 pretty cool message! 50
MSG 26
51 pretty cool message! 51
MSG 26
52 pretty cool message! 52
MSG 26
53 pretty cool message! 53
MSG 26
54 pretty cool message! 54
MSG 26
55 pretty cool message! 55
MSG 26
56 pretty cool message! 56
MSG 26
57 pretty cool message! 57
MSG 26
58 pretty cool message! 58
MSG 26
59 pretty cool message! 59
MSG 26
60 pretty cool message! 60
MSG 26
61 pretty cool message! 61
MSG 26
62 pretty cool message! 62
MSG 26
63 pretty cool message! 63
MSG 26
64 pretty cool message! 64
MSG 26
65 pretty cool message! 65
MSG 26
66 pretty cool message! 66
MSG 26
67 pretty cool message! 67
MSG 26
68 pretty cool message! 68
MSG 26
69 pretty cool message! 69
MSG 26
70 pretty cool message! 70
MSG 26
71 pretty cool message! 71
MSG 26
72 pretty cool message! 72
MSG 26
73 pretty cool message! 73
MSG 26
74 pretty cool message! 74
MSG 26
75 pretty cool message! 75
MSG 26
76 pretty cool message! 76
MSG 26
77 pretty cool message! 77
MSG 26
78 pretty cool message! 78
MSG 26
79 pretty cool message! 79
MSG 26
80 pretty cool message! 80
MSG 26
81 pretty cool message! 81
MSG 26
82 pretty cool message! 82
MSG 26
83 pretty cool message! 83
MSG 26
84 pretty cool message! 84
MSG 26
85 pretty cool message! 85
MSG 26
86 pretty cool message! 86
MSG 26
87 pretty cool message! 87
MSG 26
88 pretty cool message! 88
MSG 26
89 pretty cool message! 89
MSG 26
90 pretty cool message! 90
MSG 26
91 pretty cool message! 91
MSG 26
92 pretty cool message! 92
MSG 26
93 pretty cool message! 93
MSG 26
94 pretty cool message! 94
MSG 26
95 pretty cool message! 95
MSG 26
96 pretty cool message! 96
MSG 26
97 pretty cool message! 97
MSG 26
98 pretty cool message! 98
MSG 26
99 pretty cool message! 99
MSG 28
100 pretty cool message! 100
MSG 28
101 pretty cool message! 101
MSG 28
102 pretty cool message! 102
MSG 28
103 pretty cool message! 103
MSG 28
104 pretty cool message! 104
MSG 28
105 pretty cool message! 105
MSG 28
106 pretty cool message! 106
MSG 28
107 pretty cool message! 107
MSG 28
108 pretty cool message! 108
MSG 28
109 pretty cool message! 109
MSG 28
110 pretty cool message! 110
MSG 28
111 pretty cool message! 111
MSG 28
112 pretty cool message! 112
MSG 28
113 pretty cool message! 113
MSG 28
114 pretty cool message! 114
MSG 28
115 pretty cool message! 115
MSG 28
116 pretty cool message! 116
MSG 28
117 pretty cool message! 117
MSG 28
118 pretty cool message! 118
MSG 28
119 pretty cool message! 119
MSG 28
120 pretty cool message! 120
MSG 28
121 pretty cool message! 121
MSG 28
122 pretty cool message! 122
MSG 28
123 pretty cool message! 123
MSG 28
124 pretty cool message! 124
MSG 28
125 pretty cool message! 125
MSG 28
126 pretty cool message! 126
MSG 28
127 pretty cool message! 127
MSG 28
128 pretty cool message! 128
MSG 28
129 pretty cool message! 129
MSG 28
130 pretty cool message! 130
MSG 28
131 pretty cool message! 131
MSG 28
132 pretty cool message! 132
MSG 28
133 pretty cool message! 133
MSG 28
134 pretty cool message! 134
MSG 28
135 pretty cool message! 135
MSG 28
136 pretty cool message! 136
MSG 28
137 pretty cool message! 137
MSG 28
138 pretty cool message! 138
MSG 28
139 pretty cool message! 139
MSG 28
140 pretty cool message! 140
MSG 28
141 pretty cool message! 141
MSG 28
142 pretty cool message! 142
MSG 28
143 pretty cool message! 143
MSG 28
144 pretty cool message! 144
MSG 28
145 pretty cool message! 145
MSG 28
146 pretty cool message! 146
MSG 28
147 pretty cool message! 147
MSG 28
148 pretty cool message! 148
MSG 28
149 pretty cool message! 149
MSG 28
150 pretty cool message! 150
MSG 28
151 pretty cool message! 151
MSG 28
152 pretty cool message! 152
MSG 28
153 pretty cool message! 153
MSG 28
154 pretty cool message! 154
MSG 28
155 pretty cool message! 155
MSG 28
156 pretty cool message! 156
MSG 28
157 pretty cool message! 157
MSG 28
158 pretty cool message! 158
MSG 28
159 pretty cool message! 159
MSG 28
160 pretty cool message! 160
MSG 28
161 pretty cool message! 161
MSG 28
162 pretty cool message! 162
MSG 28
163 pretty cool message! 163
MSG 28
164 pretty cool message! 164
MSG 28
165 pretty cool message! 165
MSG 28
166 pretty cool message! 166
MSG 28
167 pretty cool message! 167
MSG 28
168 pretty cool message! 168
MSG 28
169 pretty cool message! 169
MSG 28
170 pretty cool message! 170
MSG 28
171 pretty cool message! 171
MSG 28
172 pretty cool message! 172
MSG 28
173 pretty cool message! 173
MSG 28
174 pretty cool message! 174
MSG 28
175 pretty cool message! 175
MSG 28
176 pretty cool message! 176
MSG 28
177 pretty cool message! 177
MSG 28
178 pretty cool message! 178
MSG 28
179 pretty cool message! 179
MSG 28
180 pretty cool message! 180
MSG 28
181 pretty cool message! 181
MSG 28
182 pretty cool message! 182
MSG 28
183 pretty cool message! 183
MSG 28
184 pretty cool message! 184
MSG 28
185 pretty cool message! 185
MSG 28
186 pretty cool message! 186
MSG 28
187 pretty cool message! 187
MSG 28
188 pretty cool message! 188
MSG 28
189 pretty cool message! 189
MSG 28
190 pretty cool message! 190
MSG 28
191 pretty cool message! 191
MSG 28
192 pretty cool message! 192
MSG 28
193 pretty cool message! 193
MSG 28
194 pretty cool message! 194
MSG 28
195 pretty cool message! 195
MSG 28
196 pretty cool message! 196
MSG 28
197 pretty cool message! 197
MSG 28
198 pretty cool message! 198
MSG 28
199 pretty cool message! 199
MSG 28
200 pretty cool message! 200
MSG 28
201 pretty cool message! 201
MSG 28
202 pretty cool message! 202
MSG 28
203 pretty cool message! 203
MSG 28
204 pretty cool message! 204
MSG 28
205 pretty cool message! 205
MSG 28
206 pretty cool message! 206
MSG 28
207 pretty cool message! 207
MSG 28
208 pretty cool message! 208
MSG 28
209 pretty cool message! 209
MSG 28
210 pretty cool message! 210
MSG 28
211 pretty cool message! 211
MSG 28
212 pretty cool message! 212
MSG 28
213 pretty cool message! 213
MSG 28
214 pretty cool message! 214
MSG 28
215 pretty cool message! 215
MSG 28
216 pretty cool message! 216
MSG 28
217 pretty cool message! 217
MSG 28
218 pretty cool message! 218
MSG 28
219 pretty cool message! 219
MSG 28
220 pretty cool message! 220
MSG 28
221 pretty cool message! 221
MSG 28
222 pretty cool message! 222
MSG 28
223 pretty cool message! 223
MSG 28
224 pretty cool message! 224
MSG 28
225 pretty cool message! 225
MSG 28
226 pretty cool message! 226
MSG 28
227 pretty cool message! 227
MSG 28
228 pretty cool message! 228
MSG 28
229 pretty cool message! 229
MSG 28
230 pretty cool message! 230
MSG 28
231 pretty cool message! 231
MSG 28
232 pretty cool message! 232
MSG 28
233 pretty cool message! 233
MSG 28
234 pretty cool message! 234
MSG 28
235 pretty cool message! 235
MSG 28
236 pretty cool message! 236
MSG 28
237 pretty cool message! 237
MSG 28
238 pretty cool message! 238
MSG 28
239 pretty cool message! 239
MSG 28
240 pretty cool message! 240
MSG 28
241 pretty cool message! 241
MSG 28
242 pretty cool message! 242
MSG 28
243 pretty cool message! 243
MSG 28
244 pretty cool message! 244
MSG 28
245 pretty cool message! 245
MSG 28
246 pretty cool message! 246
MSG 28
247 pretty cool message! 247
MSG 28
248 pretty cool message! 248
MSG 28
249 pretty cool message! 249
MSG 28
250 pretty cool message! 250
MSG 28
251 pretty cool message! 251
MSG 28
252 pretty cool message! 252
MSG 28
253 pretty cool message! 253
MSG 28
254 pretty cool message! 254
MSG 28
255 pretty cool message! 255
MSG 28
256 pretty cool message! 256
MSG 28
257 pretty cool message! 257
MSG 28
258 pretty cool message! 258
MSG 28
259 pretty cool message! 259
MSG 28
260 pretty cool message! 260
MSG 28
261 pretty cool message! 261
MSG 28
262 pretty cool message! 262
MSG 28
263 pretty cool message! 263
MSG 28
264 pretty cool message! 264
MSG 28
265 pretty cool message! 265
MSG 28
266 pretty cool message! 266
MSG 28
267 pretty cool message! 267
MSG 28
268 pretty cool message! 268
MSG 28
269 pretty cool message! 269
MSG 28
270 pretty cool message! 270
MSG 28
271 pretty cool message! 271
MSG 28
272 pretty cool message! 272
MSG 28
273 pretty cool message! 273
MSG 28
274 pretty cool message! 274
MSG 28
275 pretty cool message! 275
MSG 28
276 pretty cool message! 276
MSG 28
277 pretty cool message! 277
MSG 28
278 pretty cool message! 278
MSG 28
279 pretty cool message! 279
MSG 28
280 pretty cool message! 280
MSG 28
281 pretty cool message! 281
MSG 28
282 pretty cool message! 282
MSG 28
283 pretty cool message! 283
MSG 28
284 pretty cool message! 284
MSG 28
285 pretty cool message! 285
MSG 28
286 pretty cool message! 286
MSG 28
287 pretty cool message! 287
MSG 28
288 pretty cool message! 288
MSG 28
289 pretty cool message! 289
MSG 28
290 pretty cool message! 290
MSG 28
291 pretty cool message! 291
MSG 28
292 pretty cool message! 292
MSG 28
293 pretty cool message! 293
MSG 28
294 pretty cool message! 294
MSG 28
295 pretty cool message! 295
MSG 28
296 pretty cool message! 296
MSG 28
297 pretty cool message! 297
MSG 28
298 pretty cool message! 298
MSG 28
299 pretty cool message! 299
MSG 28
300 pretty cool message! 300
MSG 28
301 pretty cool message! 301
MSG 28
302 pretty cool message! 302
MSG 28
303 pretty cool message! 303
MSG 28
304 pretty cool message! 304
MSG 28
305 pretty cool message! 305
MSG 28
306 pretty cool message! 306
MSG 28
307 pretty cool message! 307
MSG 28
308 pretty cool message! 308
MSG 28
309 pretty cool message! 309
MSG 28
310 pretty cool message! 310
MSG 28
311 pretty cool message! 311
MSG 28
312 pretty cool message! 312
MSG 28
313 pretty cool message! 313
MSG 28
314 pretty cool message! 314
MSG 28
315 pretty cool message! 315
MSG 28
316 pretty cool message! 316
MSG 28
317 pretty cool message! 317
MSG 28
318 pretty cool message! 318
MSG 28
319 pretty cool message! 319
MSG 28
320 pretty cool message! 320
MSG 28
321 pretty cool message! 321
MSG 28
322 pretty cool message! 322
MSG 28
323 pretty cool message! 323
MSG 28
324 pretty cool message! 324
MSG 28
325 pretty cool message! 325
MSG 28
326 pretty cool message! 326
MSG 28
327 pretty cool message! 327
MSG 28
328 pretty cool message! 328
MSG 28
329 pretty cool message! 329
MSG 28
330 pretty cool message! 330
MSG 28
331 pretty cool message! 331
MSG 28
332 pretty cool message! 332
MSG 28
333 pretty cool message! 333
MSG 28
334 pretty cool message! 334
MSG 28
335 pretty cool message! 335
MSG 28
336 pretty cool message! 336
MSG 28
337 pretty cool message! 337
MSG 28
338 pretty cool message! 338
MSG 28
339 pretty cool message! 339
MSG 28
340 pretty cool message! 340
MSG 28
341 pretty cool message! 341
MSG 28
342 pretty cool message! 342
MSG 28
343 pretty cool message! 343
MSG 28
344 pretty cool message! 344
MSG 28
345 pretty cool message! 345
MSG 28
346 pretty cool message! 346
MSG 28
347 pretty cool message! 347
MSG 28
348 pretty cool message! 348
MSG 28
349 pretty cool message! 349
MSG 28
350 pretty cool message! 350
MSG 28
351 pretty cool message! 351
MSG 28
352 pretty cool message! 352
MSG 28
353 pretty cool message! 353
MSG 28
354 pretty cool message! 354
MSG 28
355 pretty cool message! 355
MSG 28
356 pretty cool message! 356
MSG 28
357 pretty cool message! 357
MSG 28
358 pretty cool message! 358
MSG 28
359 pretty cool message! 359
MSG 28
360 pretty cool message! 360
MSG 28
361 pretty cool message! 361
MSG 28
362 pretty cool message! 362
MSG 28
363 pretty cool message! 363
MSG 28
364 pretty cool message! 364
MSG 28
365 pretty cool message! 365
MSG 28
366 pretty cool message! 366
MSG 28
367 pretty cool message! 367
MSG 28
368 pretty cool message! 368
MSG 28
369 pretty cool message! 369
MSG 28
370 pretty cool message! 370
MSG 28
371 pretty cool message! 371
MSG 28
372 pretty cool message! 372
MSG 28
373 pretty cool message! 373
MSG 28
374 pretty cool message! 374
MSG 28
375 pretty cool message! 375
MSG 28
376 pretty cool message! 376
MSG 28
377 pretty cool message! 377
MSG 28
378 pretty cool message! 378
MSG 28
379 pretty cool message! 379
MSG 28
380 pretty cool message! 380
MSG 28
381 pretty cool message! 381
MSG 28
382 pretty cool message! 382
MSG 28
383 pretty cool message! 383
MSG 28
384 pretty cool message! 384
MSG 28
385 pretty cool message! 385
MSG 28
386 pretty cool message! 386
MSG 28
387 pretty cool message! 387
MSG 28
388 pretty cool message! 388
MSG 28
389 pretty cool message! 389
MSG 28
390 pretty cool message! 390
MSG 28
391 pretty cool message! 391
MSG 28
392 pretty cool message! 392
MSG 28
393 pretty cool message! 393
MSG 28
394 pretty cool message! 394
MSG 28
395 pretty cool message! 395
MSG 28
396 pretty cool message! 396
MSG 28
397 pretty cool message! 397
MSG 28
398 pretty cool message! 398
MSG 28
399 pretty cool message! 399
MSG 28
400 pretty cool message! 400
MSG 28
401 pretty cool message! 401
MSG 28
402 pretty cool message! 402
MSG 28
403 pretty cool message! 403
MSG 28
404 pretty cool message! 404
MSG 28
405 pretty cool message! 405
MSG 28
406 pretty cool message! 406
MSG 28
407 pretty cool message! 407
MSG 28
408 pretty cool message! 408
MSG 28
409 pretty cool message! 409
MSG 28
410 pretty cool message! 410
MSG 28
411 pretty cool message! 411
MSG 28
412 pretty cool message! 412
MSG 28
413 pretty cool message! 413
MSG 28
414 pretty cool message! 414
MSG 28
415 pretty cool message! 415
MSG 28
416 pretty cool message! 416
MSG 28
417 pretty cool message! 417
MSG 28
418 pretty cool message! 418
MSG 28
419 pretty cool message! 419
MSG 28
420 pretty cool message! 420
MSG 28
421 pretty cool message! 421
MSG 28
422 pretty cool message! 422
MSG 28
423 pretty cool message! 423
MSG 28
424 pretty cool message! 424
MSG 28
425 pretty cool message! 425
MSG 28
426 pretty cool message! 426
MSG 28
427 pretty cool message! 427
MSG 28
428 pretty cool message! 428
MSG 28
429 pretty cool message! 429
MSG 28
430 pretty cool message! 430
MSG 28
431 pretty cool message! 431
MSG 28
432 pretty cool message! 432
MSG 28
433 pretty cool message! 433
MSG 28
434 pretty cool message! 434
MSG 28
435 pretty cool message! 435
MSG 28
436 pretty cool message! 436
MSG 28
437 pretty cool message! 437
MSG 28
438 pretty cool message! 438
MSG 28
439 pretty cool message! 439
MSG 28
440 pretty cool message! 440
MSG 28
441 pretty cool message! 441
MSG 28
442 pretty cool message! 442
MSG 28
443 pretty cool message! 443
MSG 28
444 pretty cool message! 444
MSG 28
445 pretty cool message! 445
MSG 28
446 pretty cool message! 446
MSG 28
447 pretty cool message! 447
MSG 28
448 pretty cool message! 448
MSG 28
449 pretty cool message! 449
MSG 28
450 pretty cool message! 450
MSG 28
451 pretty cool message! 451
MSG 28
452 pretty cool message! 452
MSG 28
453 pretty cool message! 453
MSG 28
454 pretty cool message! 454
MSG 28
455 pretty cool message! 455
MSG 28
456 pretty cool message! 456
MSG 28
457 pretty cool message! 457
MSG 28
458 pretty cool message! 458
MSG 28
459 pretty cool message! 459
MSG 28
460 pretty cool message! 460
MSG 28
461 pretty cool message! 461
MSG 28
462 pretty cool message! 462
MSG 28
463 pretty cool message! 463
MSG 28
464 pretty cool message! 464
MSG 28
465 pretty cool message! 465
MSG 28
466 pretty cool message! 466
MSG 28
467 pretty cool message! 467
MSG 28
468 pretty cool message! 468
MSG 28
469 pretty cool message! 469
MSG 28
470 pretty cool message! 470
MSG 28
471 pretty cool message! 471
MSG 28
472 pretty cool message! 472
MSG 28
473 pretty cool message! 473
MSG 28
474 pretty cool message! 474
MSG 28
475 pretty cool message! 475
MSG 28
476 pretty cool message! 476
MSG 28
477 pretty cool message! 477
MSG 28
478 pretty cool message! 478
MSG 28
479 pretty cool message! 479
MSG 28
480 pretty cool message! 480
MSG 28
481 pretty cool message! 481
MSG 28
482 pretty cool message! 482
MSG 28
483 pretty cool message! 483
MSG 28
484 pretty cool message! 484
MSG 28
485 pretty cool message! 485
MSG 28
486 pretty cool message! 486
MSG 28
487 pretty cool message! 487
MSG 28
488 pretty cool message! 488
MSG 28
489 pretty cool message! 489
MSG 28
490 pretty cool message! 490
MSG 28
491 pretty cool message! 491
MSG 28
492 pretty cool message! 492
MSG 28
493 pretty cool message! 493
MSG 28
494 pretty cool message! 494
MSG 28
495 pretty cool message! 495
MSG 28
496 pretty cool message! 496
MSG 28
497 pretty cool message! 497
MSG 28
498 pretty cool message! 498
MSG 28
499 pretty cool message! 499
MSG 28
500 pretty cool message! 500
MSG 28
501 pretty cool message! 501
MSG 28
502 pretty cool message! 502
MSG 28
503 pretty cool message! 503
MSG 28
504 pretty cool message! 504
MSG 28
505 pretty cool message! 505
MSG 28
506 pretty cool message! 506
MSG 28
507 pretty cool message! 507
MSG 28
508 pretty cool message! 508
MSG 28
509 pretty cool message! 509
MSG 28
510 pretty cool message! 510
MSG 28
511 pretty cool message! 511
MSG 28
512 pretty cool message! 512
MSG 28
513 pretty cool message! 513
MSG 28
514 pretty cool message! 514
MSG 28
515 pretty cool message! 515
MSG 28
516 pretty cool message! 516
MSG 28
517 pretty cool message! 517
MSG 28
518 pretty cool message! 518
MSG 28
519 pretty cool message! 519
MSG 28
520 pretty cool message! 520
MSG 28
521 pretty cool message! 521
MSG 28
522 pretty cool message! 522
MSG 28
523 pretty cool message! 523
MSG 28
524 pretty cool message! 524
MSG 28
525 pretty cool message! 525
MSG 28
526 pretty cool message! 526
MSG 28
527 pretty cool message! 527
MSG 28
528 pretty cool message! 528
MSG 28
529 pretty cool message! 529
MSG 28
530 pretty cool message! 530
MSG 28
531 pretty cool message! 531
MSG 28
532 pretty cool message! 532
MSG 28
533 pretty cool message! 533
MSG 28
534 pretty cool message! 534
MSG 28
535 pretty cool message! 535
MSG 28
536 pretty cool message! 536
MSG 28
537 pretty cool message! 537
MSG 28
538 pretty cool message! 538
MSG 28
539 pretty cool message! 539
MSG 28
540 pretty cool message! 540
MSG 28
541 pretty cool message! 541
MSG 28
542 pretty cool message! 542
BATCH 7448 default 455144397 196
MSG 28
543 pretty cool message! 543
MSG 28
544 pretty cool message! 544
MSG 28
545 pretty cool message! 545
MSG 28
546 pretty cool message! 546
MSG 28
547 pretty cool message! 547
MSG 28
548 pretty cool message! 548
MSG 28
549 pretty cool message! 549
MSG 28
550 pretty cool message! 550
MSG 28
551 pretty cool message! 551
MSG 28
552 pretty cool message! 552
MSG 28
553 pretty cool message! 553
MSG 28
554 pretty cool message! 554
MSG 28
555 pretty cool message! 555
MSG 28
556 pretty cool message! 556
MSG 28
557 pretty cool message! 557
MSG 28
558 pretty cool message! 558
MSG 28
559 pretty cool message! 559
MSG 28
560 pretty cool message! 560
MSG 28
561 pretty cool message! 561
MSG 28
562 pretty cool message! 562
MSG 28
563 pretty cool message! 563
MSG 28
564 pretty cool message! 564
MSG 28
565 pretty cool message! 565
MSG 28
566 pretty cool message! 566
MSG 28
567 pretty cool message! 567
MSG 28
568 pretty cool message! 568
MSG 28
569 pretty cool message! 569
MSG 28
570 pretty cool message! 570
MSG 28
571 pretty cool message! 571
MSG 28
572 pretty cool message! 572
MSG 28
573 pretty cool message! 573
MSG 28
574 pretty cool message! 574
MSG 28
575 pretty cool message! 575
MSG 28
576 pretty cool message! 576
MSG 28
577 pretty cool message! 577
MSG 28
578 pretty cool message! 578
MSG 28
579 pretty cool message! 579
MSG 28
580 pretty cool message! 580
MSG 28
581 pretty cool message! 581
MSG 28
582 pretty cool message! 582
MSG 28
583 pretty cool message! 583
MSG 28
584 pretty cool message! 584
MSG 28
585 pretty cool message! 585
MSG 28
586 pretty cool message! 586
MSG 28
587 pretty cool message! 587
MSG 28
588 pretty cool message! 588
MSG 28
589 pretty cool message! 589
MSG 28
590 pretty cool message! 590
MSG 28
591 pretty cool message! 591
MSG 28
592 pretty cool message! 592
MSG 28
593 pretty cool message! 593
MSG 28
594 pretty cool message! 594
MSG 28
595 pretty cool message! 595
MSG 28
596 pretty cool message! 596
MSG 28
597 pretty cool message! 597
MSG 28
598 pretty cool message! 598
MSG 28
599 pretty cool message! 599
MSG 28
600 pretty cool message! 600
MSG 28
601 pretty cool message! 601
MSG 28
602 pretty cool message! 602
MSG 28
603 pretty cool message! 603
MSG 28
604 pretty cool message! 604
MSG 28
605 pretty cool message! 605
MSG 28
606 pretty cool message! 606
MSG 28
607 pretty cool message! 607
MSG 28
608 pretty cool message! 608
MSG 28
609 pretty cool message! 609
MSG 28
610 pretty cool message! 610
MSG 28
611 pretty cool message! 611
MSG 28
612 pretty cool message! 612
MSG 28
613 pretty cool message! 613
MSG 28
614 pretty cool message! 614
MSG 28
615 pretty cool message! 615
MSG 28
616 pretty cool message! 616
MSG 28
617 pretty cool message! 617
MSG 28
618 pretty cool message! 618
MSG 28
619 pretty cool message! 619
MSG 28
620 pretty cool message! 620
MSG 28
621 pretty cool message! 621
MSG 28
622 pretty cool message! 622
MSG 28
623 pretty cool message! 623
MSG 28
624 pretty cool message! 624
MSG 28
625 pretty cool message! 625
MSG 28
626 pretty cool message! 626
MSG 28
627 pretty cool message! 627
MSG 28
628 pretty cool message! 628
MSG 28
629 pretty cool message! 629
MSG 28
630 pretty cool message! 630
MSG 28
631 pretty cool message! 631
MSG 28
632 pretty cool message! 632
MSG 28
633 pretty cool message! 633
MSG 28
634 pretty cool message! 634
MSG 28
635 pretty cool message! 635
MSG 28
636 pretty cool message! 636
MSG 28
637 pretty cool message! 637
MSG 28
638 pretty cool message! 638
MSG 28
639 pretty cool message! 639
MSG 28
640 pretty cool message! 640
MSG 28
641 pretty cool message! 641
MSG 28
642 pretty cool message! 642
MSG 28
643 pretty cool message! 643
MSG 28
644 pretty cool message! 644
MSG 28
645 pretty cool message! 645
MSG 28
646 pretty cool message! 646
MSG 28
647 pretty cool message! 647
MSG 28
648 pretty cool message! 648
MSG 28
649 pretty cool message! 649
MSG 28
650 pretty cool message! 650
MSG 28
651 pretty cool message! 651
MSG 28
652 pretty cool message! 652
MSG 28
653 pretty cool message! 653
MSG 28
654 pretty cool message! 654
MSG 28
655 pretty cool message! 655
MSG 28
656 pretty cool message! 656
MSG 28
657 pretty cool message! 657
MSG 28
658 pretty cool message! 658
MSG 28
659 pretty cool message! 659
MSG 28
660 pretty cool message! 660
MSG 28
661 pretty cool message! 661
MSG 28
662 pretty cool message! 662
MSG 28
663 pretty cool message! 663
MSG 28
664 pretty cool message! 664
MSG 28
665 pretty cool message! 665
MSG 28
666 pretty cool message! 666
MSG 28
667 pretty cool message! 667
MSG 28
668 pretty cool message! 668
MSG 28
669 pretty cool message! 669
MSG 28
670 pretty cool message! 670
MSG 28
671 pretty cool message! 671
MSG 28
672 pretty cool message! 672
MSG 28
673 pretty cool message! 673
MSG 28
674 pretty cool message! 674
MSG 28
675 pretty cool message! 675
MSG 28
676 pretty cool message! 676
MSG 28
677 pretty cool message! 677
MSG 28
678 pretty cool message! 678
MSG 28
679 pretty cool message! 679
MSG 28
680 pretty cool message! 680
MSG 28
681 pretty cool message! 681
MSG 28
682 pretty cool message! 682
MSG 28
683 pretty cool message! 683
MSG 28
684 pretty cool message! 684
MSG 28
685 pretty cool message! 685
MSG 28
686 pretty cool message! 686
MSG 28
687 pretty cool message! 687
MSG 28
688 pretty cool message! 688
MSG 28
689 pretty cool message! 689
MSG 28
690 pretty cool message! 690
MSG 28
691 pretty cool message! 691
MSG 28
692 pretty cool message! 692
MSG 28
693 pretty cool message! 693
MSG 28
694 pretty cool message! 694
MSG 28
695 pretty cool message! 695
MSG 28
696 pretty cool message! 696
MSG 28
697 pretty cool message! 697
MSG 28
698 pretty cool message! 698
MSG 28
699 pretty cool message! 699
MSG 28
700 pretty cool message! 700
MSG 28
701 pretty cool message! 701
MSG 28
702 pretty cool message! 702
MSG 28
703 pretty cool message! 703
MSG 28
704 pretty cool message! 704
MSG 28
705 pretty cool message! 705
MSG 28
706 pretty cool message! 706
MSG 28
707 pretty cool message! 707
MSG 28
708 pretty cool message! 708
MSG 28
709 pretty cool message! 709
MSG 28
710 pretty cool message! 710
MSG 28
711 pretty cool message! 711
MSG 28
712 pretty cool message! 712
MSG 28
713 pretty cool message! 713
MSG 28
714 pretty cool message! 714
MSG 28
715 pretty cool message! 715
MSG 28
716 pretty cool message! 716
MSG 28
717 pretty cool message! 717
MSG 28
718 pretty cool message! 718
MSG 28
719 pretty cool message! 719
MSG 28
720 pretty cool message! 720
MSG 28
721 pretty cool message! 721
MSG 28
722 pretty cool message! 722
MSG 28
723 pretty cool message! 723
MSG 28
724 pretty cool message! 724
MSG 28
725 pretty cool message! 725
MSG 28
726 pretty cool message! 726
MSG 28
727 pretty cool message! 727
MSG 28
728 pretty cool message! 728
MSG 28
729 pretty cool message! 729
MSG 28
730 pretty cool message! 730
MSG 28
731 pretty cool message! 731
MSG 28
732 pretty cool message! 732
MSG 28
733 pretty cool message! 733
MSG 28
734 pretty cool message! 734
MSG 28
735 pretty cool message! 735
MSG 28
736 pretty cool message! 736
MSG 28
737 pretty cool message! 737
MSG 28
738 pretty cool message! 738
